Flow report for top
Wed Dec 05 02:35:07 2018
Quartus II Version 10.0 Build 218 06/27/2010 SJ Web Edition


---------------------
; Table of Contents ;
---------------------
  1. Legal Notice
  2. Flow Summary
  3. Flow Settings
  4. Flow Non-Default Global Settings
  5. Flow Elapsed Time
  6. Flow OS Summary
  7. Flow Log



----------------
; Legal Notice ;
----------------
Copyright (C) 1991-2010 Altera Corporation
Your use of Altera Corporation's design tools, logic functions 
and other software and tools, and its AMPP partner logic 
functions, and any output files from any of the foregoing 
(including device programming or simulation files), and any 
associated documentation or information are expressly subject 
to the terms and conditions of the Altera Program License 
Subscription Agreement, Altera MegaCore Function License 
Agreement, or other applicable license agreement, including, 
without limitation, that your use is for the sole purpose of 
programming logic devices manufactured by Altera and sold by 
Altera or its authorized distributors.  Please refer to the 
applicable agreement for further details.



+-------------------------------------------------------------------------------+
; Flow Summary                                                                  ;
+------------------------------------+------------------------------------------+
; Flow Status                        ; Successful - Wed Dec 05 02:35:05 2018    ;
; Quartus II Version                 ; 10.0 Build 218 06/27/2010 SJ Web Edition ;
; Revision Name                      ; top                                      ;
; Top-level Entity Name              ; top                                      ;
; Family                             ; Cyclone IV E                             ;
; Device                             ; EP4CE115F29C7                            ;
; Timing Models                      ; Final                                    ;
; Met timing requirements            ; N/A                                      ;
; Total logic elements               ; 62,850 / 114,480 ( 55 % )                ;
;     Total combinational functions  ; 56,986 / 114,480 ( 50 % )                ;
;     Dedicated logic registers      ; 8,212 / 114,480 ( 7 % )                  ;
; Total registers                    ; 8212                                     ;
; Total pins                         ; 50 / 529 ( 9 % )                         ;
; Total virtual pins                 ; 0                                        ;
; Total memory bits                  ; 983,040 / 3,981,312 ( 25 % )             ;
; Embedded Multiplier 9-bit elements ; 0 / 532 ( 0 % )                          ;
; Total PLLs                         ; 0 / 4 ( 0 % )                            ;
+------------------------------------+------------------------------------------+


+-----------------------------------------+
; Flow Settings                           ;
+-------------------+---------------------+
; Option            ; Setting             ;
+-------------------+---------------------+
; Start date & time ; 12/05/2018 01:43:22 ;
; Main task         ; Compilation         ;
; Revision Name     ; top                 ;
+-------------------+---------------------+


+----------------------------------------------------------------------------------------------------------------------+
; Flow Non-Default Global Settings                                                                                     ;
+-------------------------------------+---------------------------------+---------------+-------------+----------------+
; Assignment Name                     ; Value                           ; Default Value ; Entity Name ; Section Id     ;
+-------------------------------------+---------------------------------+---------------+-------------+----------------+
; COMPILER_SIGNATURE_ID               ; 110299156051993.154399220206652 ; --            ; --          ; --             ;
; EDA_OUTPUT_DATA_FORMAT              ; Vhdl                            ; --            ; --          ; eda_simulation ;
; EDA_SIMULATION_TOOL                 ; ModelSim-Altera (VHDL)          ; <None>        ; --          ; --             ;
; FITTER_EFFORT                       ; Fast Fit                        ; Auto Fit      ; --          ; --             ;
; FLOW_ENABLE_RTL_VIEWER              ; On                              ; Off           ; --          ; --             ;
; IP_TOOL_NAME                        ; RAM: 2-PORT                     ; --            ; --          ; --             ;
; IP_TOOL_NAME                        ; RAM: 2-PORT                     ; --            ; --          ; --             ;
; IP_TOOL_NAME                        ; RAM: 2-PORT                     ; --            ; --          ; --             ;
; IP_TOOL_NAME                        ; LPM_MULT                        ; --            ; --          ; --             ;
; IP_TOOL_VERSION                     ; 12.1                            ; --            ; --          ; --             ;
; IP_TOOL_VERSION                     ; 10.0                            ; --            ; --          ; --             ;
; IP_TOOL_VERSION                     ; 10.0                            ; --            ; --          ; --             ;
; IP_TOOL_VERSION                     ; 10.0                            ; --            ; --          ; --             ;
; MAX_CORE_JUNCTION_TEMP              ; 85                              ; --            ; --          ; --             ;
; MIN_CORE_JUNCTION_TEMP              ; 0                               ; --            ; --          ; --             ;
; MISC_FILE                           ; ../Source/inputRAM_bb.v         ; --            ; --          ; --             ;
; NOMINAL_CORE_SUPPLY_VOLTAGE         ; 1.2V                            ; --            ; --          ; --             ;
; PARTITION_COLOR                     ; 16764057                        ; --            ; --          ; Top            ;
; PARTITION_FITTER_PRESERVATION_LEVEL ; PLACEMENT_AND_ROUTING           ; --            ; --          ; Top            ;
; PARTITION_NETLIST_TYPE              ; SOURCE                          ; --            ; --          ; Top            ;
; PROJECT_OUTPUT_DIRECTORY            ; output_files                    ; --            ; --          ; --             ;
+-------------------------------------+---------------------------------+---------------+-------------+----------------+


+-------------------------------------------------------------------------------------------------------------------------------+
; Flow Elapsed Time                                                                                                             ;
+---------------------------+--------------+-------------------------+---------------------+------------------------------------+
; Module Name               ; Elapsed Time ; Average Processors Used ; Peak Virtual Memory ; Total CPU Time (on all processors) ;
+---------------------------+--------------+-------------------------+---------------------+------------------------------------+
; Analysis & Synthesis      ; 00:23:15     ; 1.0                     ; 760 MB              ; 00:22:41                           ;
; Fitter                    ; 00:11:37     ; 1.0                     ; 930 MB              ; 00:11:18                           ;
; Assembler                 ; 00:00:23     ; 1.0                     ; 597 MB              ; 00:00:22                           ;
; TimeQuest Timing Analyzer ; 00:03:03     ; 1.0                     ; 657 MB              ; 00:02:53                           ;
; EDA Netlist Writer        ; 00:03:40     ; 1.0                     ; 619 MB              ; 00:03:31                           ;
; PowerPlay Power Analyzer  ; 00:02:52     ; 1.0                     ; 746 MB              ; 00:02:58                           ;
; Total                     ; 00:44:50     ; --                      ; --                  ; 00:43:43                           ;
+---------------------------+--------------+-------------------------+---------------------+------------------------------------+


+--------------------------------------------------------------------------------------------+
; Flow OS Summary                                                                            ;
+---------------------------+------------------+---------------+------------+----------------+
; Module Name               ; Machine Hostname ; OS Name       ; OS Version ; Processor type ;
+---------------------------+------------------+---------------+------------+----------------+
; Analysis & Synthesis      ; DESKTOP-PS0HPQ0  ; Windows Vista ; 6.2        ; x86_64         ;
; Fitter                    ; DESKTOP-PS0HPQ0  ; Windows Vista ; 6.2        ; x86_64         ;
; Assembler                 ; DESKTOP-PS0HPQ0  ; Windows Vista ; 6.2        ; x86_64         ;
; TimeQuest Timing Analyzer ; DESKTOP-PS0HPQ0  ; Windows Vista ; 6.2        ; x86_64         ;
; EDA Netlist Writer        ; DESKTOP-PS0HPQ0  ; Windows Vista ; 6.2        ; x86_64         ;
; PowerPlay Power Analyzer  ; DESKTOP-PS0HPQ0  ; Windows Vista ; 6.2        ; x86_64         ;
+---------------------------+------------------+---------------+------------+----------------+


------------
; Flow Log ;
------------
quartus_map --read_settings_files=on --write_settings_files=off HoughTransform -c top
quartus_fit --read_settings_files=off --write_settings_files=off HoughTransform -c top
quartus_asm --read_settings_files=off --write_settings_files=off HoughTransform -c top
quartus_sta HoughTransform -c top
quartus_eda --read_settings_files=off --write_settings_files=off HoughTransform -c top
quartus_pow --read_settings_files=on --write_settings_files=off HoughTransform -c top



